// Jest Snapshot v1, https://goo.gl/fbAQLP

exports[`Picture component renders correctly 1`] = `
<styled.div>
  <Styled(Component)
    pose="testPose"
  >
    <styled.div
      i={0}
      key="0"
      logo="testLogo"
      r="X"
      rd={0}
      t="Z"
      td={8}
    />
    <styled.div
      i={1}
      key="1"
      logo="testLogo"
      r="X"
      rd={180}
      t="Z"
      td={-8}
    />
    <styled.div
      i={2}
      key="2"
      logo="testLogo"
      r="Y"
      rd={90}
      t="X"
      td={8}
    />
    <styled.div
      i={3}
      key="3"
      logo="testLogo"
      r="Y"
      rd={-90}
      t="X"
      td={-8}
    />
    <styled.div
      i={4}
      key="4"
      logo="testLogo"
      r="X"
      rd={90}
      t="Y"
      td={8}
    />
    <styled.div
      i={5}
      key="5"
      logo="testLogo"
      r="X"
      rd={-90}
      t="Y"
      td={-8}
    />
  </Styled(Component)>
</styled.div>
`;
